	[37mdebug[0m	olog/log_test.go:367	t1t2
	[32minfo[0m	olog/log_test.go:369	t3t4
	[33mwarn[0m	olog/log_test.go:371	t5	name=bob	age=18
	debug	olog/log_test.go:367	t1t2
	info	olog/log_test.go:369	t3t4
	warn	olog/log_test.go:371	t5	name=bob	age=18
